
         /\      Grafana   /‾‾/  
    /\  /  \     |\  __   /  /   
   /  \/    \    | |/ /  /   ‾‾\ 
  /          \   |   (  |  (‾)  |
 / __________ \  |_|\_\  \_____/ 

     execution: local
        script: /scripts/k6.js
        output: -

     scenarios: (100.00%) 1 scenario, 10 max VUs, 1m0s max duration (incl. graceful stop):
              * default: 10 looping VUs for 30s (gracefulStop: 30s)


running (0m01.0s), 10/10 VUs, 37 complete and 0 interrupted iterations
default   [   3% ] 10 VUs  01.0s/30s

running (0m02.0s), 10/10 VUs, 81 complete and 0 interrupted iterations
default   [   7% ] 10 VUs  02.0s/30s

running (0m03.0s), 10/10 VUs, 125 complete and 0 interrupted iterations
default   [  10% ] 10 VUs  03.0s/30s

running (0m04.0s), 10/10 VUs, 171 complete and 0 interrupted iterations
default   [  13% ] 10 VUs  04.0s/30s

running (0m05.0s), 10/10 VUs, 211 complete and 0 interrupted iterations
default   [  17% ] 10 VUs  05.0s/30s

running (0m06.0s), 10/10 VUs, 257 complete and 0 interrupted iterations
default   [  20% ] 10 VUs  06.0s/30s

running (0m07.0s), 10/10 VUs, 304 complete and 0 interrupted iterations
default   [  23% ] 10 VUs  07.0s/30s

running (0m08.0s), 10/10 VUs, 349 complete and 0 interrupted iterations
default   [  27% ] 10 VUs  08.0s/30s

running (0m09.0s), 10/10 VUs, 395 complete and 0 interrupted iterations
default   [  30% ] 10 VUs  09.0s/30s

running (0m10.0s), 10/10 VUs, 443 complete and 0 interrupted iterations
default   [  33% ] 10 VUs  10.0s/30s

running (0m11.0s), 10/10 VUs, 484 complete and 0 interrupted iterations
default   [  37% ] 10 VUs  11.0s/30s

running (0m12.0s), 10/10 VUs, 531 complete and 0 interrupted iterations
default   [  40% ] 10 VUs  12.0s/30s

running (0m13.0s), 10/10 VUs, 577 complete and 0 interrupted iterations
default   [  43% ] 10 VUs  13.0s/30s

running (0m14.0s), 10/10 VUs, 619 complete and 0 interrupted iterations
default   [  47% ] 10 VUs  14.0s/30s

running (0m15.0s), 10/10 VUs, 664 complete and 0 interrupted iterations
default   [  50% ] 10 VUs  15.0s/30s

running (0m16.0s), 10/10 VUs, 712 complete and 0 interrupted iterations
default   [  53% ] 10 VUs  16.0s/30s

running (0m17.0s), 10/10 VUs, 750 complete and 0 interrupted iterations
default   [  57% ] 10 VUs  17.0s/30s

running (0m18.0s), 10/10 VUs, 796 complete and 0 interrupted iterations
default   [  60% ] 10 VUs  18.0s/30s

running (0m19.0s), 10/10 VUs, 841 complete and 0 interrupted iterations
default   [  63% ] 10 VUs  19.0s/30s

running (0m20.0s), 10/10 VUs, 885 complete and 0 interrupted iterations
default   [  67% ] 10 VUs  20.0s/30s

running (0m21.0s), 10/10 VUs, 930 complete and 0 interrupted iterations
default   [  70% ] 10 VUs  21.0s/30s

running (0m22.0s), 10/10 VUs, 976 complete and 0 interrupted iterations
default   [  73% ] 10 VUs  22.0s/30s

running (0m23.0s), 10/10 VUs, 1009 complete and 0 interrupted iterations
default   [  77% ] 10 VUs  23.0s/30s

running (0m24.0s), 10/10 VUs, 1056 complete and 0 interrupted iterations
default   [  80% ] 10 VUs  24.0s/30s

running (0m25.0s), 10/10 VUs, 1102 complete and 0 interrupted iterations
default   [  83% ] 10 VUs  25.0s/30s

running (0m26.0s), 10/10 VUs, 1150 complete and 0 interrupted iterations
default   [  87% ] 10 VUs  26.0s/30s

running (0m27.0s), 10/10 VUs, 1192 complete and 0 interrupted iterations
default   [  90% ] 10 VUs  27.0s/30s

running (0m28.0s), 10/10 VUs, 1237 complete and 0 interrupted iterations
default   [  93% ] 10 VUs  28.0s/30s

running (0m29.0s), 10/10 VUs, 1284 complete and 0 interrupted iterations
default   [  97% ] 10 VUs  29.0s/30s

running (0m30.0s), 10/10 VUs, 1331 complete and 0 interrupted iterations
default   [ 100% ] 10 VUs  30.0s/30s

running (0m30.2s), 00/10 VUs, 1341 complete and 0 interrupted iterations
default ✓ [ 100% ] 10 VUs  30s
