
         /\      Grafana   /‾‾/  
    /\  /  \     |\  __   /  /   
   /  \/    \    | |/ /  /   ‾‾\ 
  /          \   |   (  |  (‾)  |
 / __________ \  |_|\_\  \_____/ 

     execution: local
        script: /scripts/k6.js
        output: -

     scenarios: (100.00%) 1 scenario, 1 max VUs, 1m0s max duration (incl. graceful stop):
              * default: 1 looping VUs for 30s (gracefulStop: 30s)


running (0m01.0s), 1/1 VUs, 9 complete and 0 interrupted iterations
default   [   3% ] 1 VUs  01.0s/30s

running (0m02.0s), 1/1 VUs, 24 complete and 0 interrupted iterations
default   [   7% ] 1 VUs  02.0s/30s

running (0m03.0s), 1/1 VUs, 39 complete and 0 interrupted iterations
default   [  10% ] 1 VUs  03.0s/30s

running (0m04.0s), 1/1 VUs, 55 complete and 0 interrupted iterations
default   [  13% ] 1 VUs  04.0s/30s

running (0m05.0s), 1/1 VUs, 64 complete and 0 interrupted iterations
default   [  17% ] 1 VUs  05.0s/30s

running (0m06.0s), 1/1 VUs, 79 complete and 0 interrupted iterations
default   [  20% ] 1 VUs  06.0s/30s

running (0m07.0s), 1/1 VUs, 91 complete and 0 interrupted iterations
default   [  23% ] 1 VUs  07.0s/30s

running (0m08.0s), 1/1 VUs, 106 complete and 0 interrupted iterations
default   [  27% ] 1 VUs  08.0s/30s

running (0m09.0s), 1/1 VUs, 121 complete and 0 interrupted iterations
default   [  30% ] 1 VUs  09.0s/30s

running (0m10.0s), 1/1 VUs, 136 complete and 0 interrupted iterations
default   [  33% ] 1 VUs  10.0s/30s

running (0m11.0s), 1/1 VUs, 151 complete and 0 interrupted iterations
default   [  37% ] 1 VUs  11.0s/30s

running (0m12.0s), 1/1 VUs, 162 complete and 0 interrupted iterations
default   [  40% ] 1 VUs  12.0s/30s

running (0m13.0s), 1/1 VUs, 177 complete and 0 interrupted iterations
default   [  43% ] 1 VUs  13.0s/30s

running (0m14.0s), 1/1 VUs, 191 complete and 0 interrupted iterations
default   [  47% ] 1 VUs  14.0s/30s

running (0m15.0s), 1/1 VUs, 206 complete and 0 interrupted iterations
default   [  50% ] 1 VUs  15.0s/30s

running (0m16.0s), 1/1 VUs, 222 complete and 0 interrupted iterations
default   [  53% ] 1 VUs  16.0s/30s

running (0m17.0s), 1/1 VUs, 236 complete and 0 interrupted iterations
default   [  57% ] 1 VUs  17.0s/30s

running (0m18.0s), 1/1 VUs, 250 complete and 0 interrupted iterations
default   [  60% ] 1 VUs  18.0s/30s

running (0m19.0s), 1/1 VUs, 261 complete and 0 interrupted iterations
default   [  63% ] 1 VUs  19.0s/30s

running (0m20.0s), 1/1 VUs, 277 complete and 0 interrupted iterations
default   [  67% ] 1 VUs  20.0s/30s

running (0m21.0s), 1/1 VUs, 289 complete and 0 interrupted iterations
default   [  70% ] 1 VUs  21.0s/30s

running (0m22.0s), 1/1 VUs, 304 complete and 0 interrupted iterations
default   [  73% ] 1 VUs  22.0s/30s

running (0m23.0s), 1/1 VUs, 320 complete and 0 interrupted iterations
default   [  77% ] 1 VUs  23.0s/30s

running (0m24.0s), 1/1 VUs, 331 complete and 0 interrupted iterations
default   [  80% ] 1 VUs  24.0s/30s

running (0m25.0s), 1/1 VUs, 343 complete and 0 interrupted iterations
default   [  83% ] 1 VUs  25.0s/30s

running (0m26.0s), 1/1 VUs, 357 complete and 0 interrupted iterations
default   [  87% ] 1 VUs  26.0s/30s

running (0m27.0s), 1/1 VUs, 373 complete and 0 interrupted iterations
default   [  90% ] 1 VUs  27.0s/30s

running (0m28.0s), 1/1 VUs, 387 complete and 0 interrupted iterations
default   [  93% ] 1 VUs  28.0s/30s

running (0m29.0s), 1/1 VUs, 402 complete and 0 interrupted iterations
default   [  97% ] 1 VUs  29.0s/30s

running (0m30.0s), 1/1 VUs, 416 complete and 0 interrupted iterations
default   [ 100% ] 1 VUs  30.0s/30s

running (0m30.0s), 0/1 VUs, 417 complete and 0 interrupted iterations
default ✓ [ 100% ] 1 VUs  30s
