
         /\      Grafana   /‾‾/  
    /\  /  \     |\  __   /  /   
   /  \/    \    | |/ /  /   ‾‾\ 
  /          \   |   (  |  (‾)  |
 / __________ \  |_|\_\  \_____/ 

     execution: local
        script: /scripts/k6.js
        output: -

     scenarios: (100.00%) 1 scenario, 1 max VUs, 1m0s max duration (incl. graceful stop):
              * default: 1 looping VUs for 30s (gracefulStop: 30s)


running (0m01.0s), 1/1 VUs, 16 complete and 0 interrupted iterations
default   [   3% ] 1 VUs  01.0s/30s

running (0m02.0s), 1/1 VUs, 34 complete and 0 interrupted iterations
default   [   7% ] 1 VUs  02.0s/30s

running (0m03.0s), 1/1 VUs, 53 complete and 0 interrupted iterations
default   [  10% ] 1 VUs  03.0s/30s

running (0m04.0s), 1/1 VUs, 72 complete and 0 interrupted iterations
default   [  13% ] 1 VUs  04.0s/30s

running (0m05.0s), 1/1 VUs, 90 complete and 0 interrupted iterations
default   [  17% ] 1 VUs  05.0s/30s

running (0m06.0s), 1/1 VUs, 109 complete and 0 interrupted iterations
default   [  20% ] 1 VUs  06.0s/30s

running (0m07.0s), 1/1 VUs, 128 complete and 0 interrupted iterations
default   [  23% ] 1 VUs  07.0s/30s

running (0m08.0s), 1/1 VUs, 146 complete and 0 interrupted iterations
default   [  27% ] 1 VUs  08.0s/30s

running (0m09.0s), 1/1 VUs, 164 complete and 0 interrupted iterations
default   [  30% ] 1 VUs  09.0s/30s

running (0m10.0s), 1/1 VUs, 183 complete and 0 interrupted iterations
default   [  33% ] 1 VUs  10.0s/30s

running (0m11.0s), 1/1 VUs, 202 complete and 0 interrupted iterations
default   [  37% ] 1 VUs  11.0s/30s

running (0m12.0s), 1/1 VUs, 221 complete and 0 interrupted iterations
default   [  40% ] 1 VUs  12.0s/30s

running (0m13.0s), 1/1 VUs, 239 complete and 0 interrupted iterations
default   [  43% ] 1 VUs  13.0s/30s

running (0m14.0s), 1/1 VUs, 258 complete and 0 interrupted iterations
default   [  47% ] 1 VUs  14.0s/30s

running (0m15.0s), 1/1 VUs, 277 complete and 0 interrupted iterations
default   [  50% ] 1 VUs  15.0s/30s

running (0m16.0s), 1/1 VUs, 296 complete and 0 interrupted iterations
default   [  53% ] 1 VUs  16.0s/30s

running (0m17.0s), 1/1 VUs, 314 complete and 0 interrupted iterations
default   [  57% ] 1 VUs  17.0s/30s

running (0m18.0s), 1/1 VUs, 333 complete and 0 interrupted iterations
default   [  60% ] 1 VUs  18.0s/30s

running (0m19.0s), 1/1 VUs, 352 complete and 0 interrupted iterations
default   [  63% ] 1 VUs  19.0s/30s

running (0m20.0s), 1/1 VUs, 371 complete and 0 interrupted iterations
default   [  67% ] 1 VUs  20.0s/30s

running (0m21.0s), 1/1 VUs, 390 complete and 0 interrupted iterations
default   [  70% ] 1 VUs  21.0s/30s

running (0m22.0s), 1/1 VUs, 408 complete and 0 interrupted iterations
default   [  73% ] 1 VUs  22.0s/30s

running (0m23.0s), 1/1 VUs, 427 complete and 0 interrupted iterations
default   [  77% ] 1 VUs  23.0s/30s

running (0m24.0s), 1/1 VUs, 445 complete and 0 interrupted iterations
default   [  80% ] 1 VUs  24.0s/30s

running (0m25.0s), 1/1 VUs, 465 complete and 0 interrupted iterations
default   [  83% ] 1 VUs  25.0s/30s

running (0m26.0s), 1/1 VUs, 478 complete and 0 interrupted iterations
default   [  87% ] 1 VUs  26.0s/30s

running (0m27.0s), 1/1 VUs, 496 complete and 0 interrupted iterations
default   [  90% ] 1 VUs  27.0s/30s

running (0m28.0s), 1/1 VUs, 515 complete and 0 interrupted iterations
default   [  93% ] 1 VUs  28.0s/30s

running (0m29.0s), 1/1 VUs, 535 complete and 0 interrupted iterations
default   [  97% ] 1 VUs  29.0s/30s

running (0m30.0s), 1/1 VUs, 553 complete and 0 interrupted iterations
default ↓ [ 100% ] 1 VUs  30s

running (0m30.0s), 0/1 VUs, 554 complete and 0 interrupted iterations
default ✓ [ 100% ] 1 VUs  30s
