
         /\      Grafana   /‾‾/  
    /\  /  \     |\  __   /  /   
   /  \/    \    | |/ /  /   ‾‾\ 
  /          \   |   (  |  (‾)  |
 / __________ \  |_|\_\  \_____/ 

     execution: local
        script: /scripts/k6.js
        output: -

     scenarios: (100.00%) 1 scenario, 50 max VUs, 1m0s max duration (incl. graceful stop):
              * default: 50 looping VUs for 30s (gracefulStop: 30s)


running (0m01.0s), 50/50 VUs, 56 complete and 0 interrupted iterations
default   [   3% ] 50 VUs  01.0s/30s

running (0m02.0s), 50/50 VUs, 122 complete and 0 interrupted iterations
default   [   7% ] 50 VUs  02.0s/30s

running (0m03.0s), 50/50 VUs, 191 complete and 0 interrupted iterations
default   [  10% ] 50 VUs  03.0s/30s

running (0m04.0s), 50/50 VUs, 242 complete and 0 interrupted iterations
default   [  13% ] 50 VUs  04.0s/30s

running (0m05.0s), 50/50 VUs, 285 complete and 0 interrupted iterations
default   [  17% ] 50 VUs  05.0s/30s

running (0m06.0s), 50/50 VUs, 329 complete and 0 interrupted iterations
default   [  20% ] 50 VUs  06.0s/30s

running (0m07.0s), 50/50 VUs, 371 complete and 0 interrupted iterations
default   [  23% ] 50 VUs  07.0s/30s

running (0m08.0s), 50/50 VUs, 416 complete and 0 interrupted iterations
default   [  27% ] 50 VUs  08.0s/30s

running (0m09.0s), 50/50 VUs, 460 complete and 0 interrupted iterations
default   [  30% ] 50 VUs  09.0s/30s

running (0m10.0s), 50/50 VUs, 506 complete and 0 interrupted iterations
default   [  33% ] 50 VUs  10.0s/30s

running (0m11.0s), 50/50 VUs, 554 complete and 0 interrupted iterations
default   [  37% ] 50 VUs  11.0s/30s

running (0m12.0s), 50/50 VUs, 629 complete and 0 interrupted iterations
default   [  40% ] 50 VUs  12.0s/30s

running (0m13.0s), 50/50 VUs, 712 complete and 0 interrupted iterations
default   [  43% ] 50 VUs  13.0s/30s

running (0m14.0s), 50/50 VUs, 793 complete and 0 interrupted iterations
default   [  47% ] 50 VUs  14.0s/30s

running (0m15.0s), 50/50 VUs, 875 complete and 0 interrupted iterations
default   [  50% ] 50 VUs  15.0s/30s

running (0m16.0s), 50/50 VUs, 957 complete and 0 interrupted iterations
default   [  53% ] 50 VUs  16.0s/30s

running (0m17.0s), 50/50 VUs, 1039 complete and 0 interrupted iterations
default   [  57% ] 50 VUs  17.0s/30s

running (0m18.0s), 50/50 VUs, 1121 complete and 0 interrupted iterations
default   [  60% ] 50 VUs  18.0s/30s

running (0m19.0s), 50/50 VUs, 1202 complete and 0 interrupted iterations
default   [  63% ] 50 VUs  19.0s/30s

running (0m20.0s), 50/50 VUs, 1286 complete and 0 interrupted iterations
default   [  67% ] 50 VUs  20.0s/30s

running (0m21.0s), 50/50 VUs, 1368 complete and 0 interrupted iterations
default   [  70% ] 50 VUs  21.0s/30s

running (0m22.0s), 50/50 VUs, 1450 complete and 0 interrupted iterations
default   [  73% ] 50 VUs  22.0s/30s

running (0m23.0s), 50/50 VUs, 1533 complete and 0 interrupted iterations
default   [  77% ] 50 VUs  23.0s/30s

running (0m24.0s), 50/50 VUs, 1615 complete and 0 interrupted iterations
default   [  80% ] 50 VUs  24.0s/30s

running (0m25.0s), 50/50 VUs, 1697 complete and 0 interrupted iterations
default   [  83% ] 50 VUs  25.0s/30s

running (0m26.0s), 50/50 VUs, 1778 complete and 0 interrupted iterations
default   [  87% ] 50 VUs  26.0s/30s

running (0m27.0s), 50/50 VUs, 1861 complete and 0 interrupted iterations
default   [  90% ] 50 VUs  27.0s/30s

running (0m28.0s), 50/50 VUs, 1946 complete and 0 interrupted iterations
default   [  93% ] 50 VUs  28.0s/30s

running (0m29.0s), 50/50 VUs, 2030 complete and 0 interrupted iterations
default   [  97% ] 50 VUs  29.0s/30s

running (0m30.0s), 50/50 VUs, 2114 complete and 0 interrupted iterations
default   [ 100% ] 50 VUs  30.0s/30s

running (0m30.6s), 00/50 VUs, 2164 complete and 0 interrupted iterations
default ✓ [ 100% ] 50 VUs  30s
time="2026-09-29T16:40:28Z" level=error msg="thresholds on metrics 'http_req_duration' have been crossed"
